[0.008s] Invoking command in '/home/jlc/MEI/01_HelloROS_git/01_HelloROS/build/hello_ros': CMAKE_PREFIX_PATH=/opt/ros/humble /usr/bin/cmake /home/jlc/MEI/01_HelloROS_git/01_HelloROS/src/hello_ros -DCMAKE_INSTALL_PREFIX=/home/jlc/MEI/01_HelloROS_git/01_HelloROS/install/hello_ros
[0.052s] -- The C compiler identification is GNU 11.4.0
[0.097s] -- The CXX compiler identification is GNU 11.4.0
[0.103s] -- Detecting C compiler ABI info
[0.161s] -- Detecting C compiler ABI info - done
[0.166s] -- Check for working C compiler: /usr/bin/cc - skipped
[0.166s] -- Detecting C compile features
[0.166s] -- Detecting C compile features - done
[0.168s] -- Detecting CXX compiler ABI info
[0.235s] -- Detecting CXX compiler ABI info - done
[0.240s] -- Check for working CXX compiler: /usr/bin/c++ - skipped
[0.240s] -- Detecting CXX compile features
[0.241s] -- Detecting CXX compile features - done
[0.242s] -- Found ament_cmake: 1.3.14 (/opt/ros/humble/share/ament_cmake/cmake)
[0.353s] -- Found Python3: /usr/bin/python3 (found version "3.10.12") found components: Interpreter 
[0.402s] -- Found rclcpp: 16.0.19 (/opt/ros/humble/share/rclcpp/cmake)
[0.422s] -- Found rosidl_generator_c: 3.1.9 (/opt/ros/humble/share/rosidl_generator_c/cmake)
[0.425s] -- Found rosidl_adapter: 3.1.9 (/opt/ros/humble/share/rosidl_adapter/cmake)
[0.429s] -- Found rosidl_generator_cpp: 3.1.9 (/opt/ros/humble/share/rosidl_generator_cpp/cmake)
[0.435s] -- Using all available rosidl_typesupport_c: rosidl_typesupport_fastrtps_c;rosidl_typesupport_introspection_c
[0.443s] -- Using all available rosidl_typesupport_cpp: rosidl_typesupport_fastrtps_cpp;rosidl_typesupport_introspection_cpp
[0.464s] -- Found rmw_implementation_cmake: 6.1.3 (/opt/ros/humble/share/rmw_implementation_cmake/cmake)
[0.466s] -- Found rmw_fastrtps_cpp: 6.2.10 (/opt/ros/humble/share/rmw_fastrtps_cpp/cmake)
[0.524s] -- Found OpenSSL: /usr/lib/x86_64-linux-gnu/libcrypto.so (found version "3.0.2")  
[0.540s] -- Found FastRTPS: /opt/ros/humble/include  
[0.563s] -- Using RMW implementation 'rmw_fastrtps_cpp' as default
[0.568s] -- Looking for pthread.h
[0.613s] -- Looking for pthread.h - found
[0.613s] -- Performing Test CMAKE_HAVE_LIBC_PTHREAD
[0.660s] -- Performing Test CMAKE_HAVE_LIBC_PTHREAD - Success
[0.660s] -- Found Threads: TRUE  
[0.689s] -- Found rosidl_default_generators: 1.2.1 (/opt/ros/humble/share/rosidl_default_generators/cmake)
[0.832s] -- Found ament_cmake_ros: 0.10.0 (/opt/ros/humble/share/ament_cmake_ros/cmake)
[1.003s] -- Using all available rosidl_typesupport_c: rosidl_typesupport_fastrtps_c;rosidl_typesupport_introspection_c
[1.071s] -- Using all available rosidl_typesupport_cpp: rosidl_typesupport_fastrtps_cpp;rosidl_typesupport_introspection_cpp
[1.083s] -- Found PythonInterp: /usr/bin/python3 (found suitable version "3.10.12", minimum required is "3.6") 
[1.084s] -- Found python_cmake_module: 0.10.0 (/opt/ros/humble/share/python_cmake_module/cmake)
[1.099s] -- Found PythonLibs: /usr/lib/x86_64-linux-gnu/libpython3.10.so (found suitable version "3.10.12", minimum required is "3.5") 
[1.099s] -- Using PYTHON_EXECUTABLE: /usr/bin/python3
[1.099s] -- Using PYTHON_INCLUDE_DIRS: /usr/include/python3.10
[1.099s] -- Using PYTHON_LIBRARIES: /usr/lib/x86_64-linux-gnu/libpython3.10.so
[1.111s] -- Found PythonExtra: .so  
[1.167s] -- Configuring done
[1.193s] -- Generating done
[1.201s] -- Build files have been written to: /home/jlc/MEI/01_HelloROS_git/01_HelloROS/build/hello_ros
[1.209s] Invoked command in '/home/jlc/MEI/01_HelloROS_git/01_HelloROS/build/hello_ros' returned '0': CMAKE_PREFIX_PATH=/opt/ros/humble /usr/bin/cmake /home/jlc/MEI/01_HelloROS_git/01_HelloROS/src/hello_ros -DCMAKE_INSTALL_PREFIX=/home/jlc/MEI/01_HelloROS_git/01_HelloROS/install/hello_ros
[1.211s] Invoking command in '/home/jlc/MEI/01_HelloROS_git/01_HelloROS/build/hello_ros': CMAKE_PREFIX_PATH=/opt/ros/humble /usr/bin/cmake --build /home/jlc/MEI/01_HelloROS_git/01_HelloROS/build/hello_ros -- -j32 -l32
[1.237s] [  2%] [34m[1mGenerating C code for ROS interfaces[0m
[1.245s] [  7%] [34m[1mGenerating C++ code for ROS interfaces[0m
[1.245s] [  7%] [34m[1mGenerating Rust code for ROS interfaces[0m
[1.249s] [  7%] Built target ament_cmake_python_copy_hello_ros
[1.360s] [  7%] Built target hello_ros__rs
[1.363s] running egg_info
[1.364s] creating hello_ros.egg-info
[1.364s] writing hello_ros.egg-info/PKG-INFO
[1.364s] writing dependency_links to hello_ros.egg-info/dependency_links.txt
[1.364s] writing top-level names to hello_ros.egg-info/top_level.txt
[1.364s] writing manifest file 'hello_ros.egg-info/SOURCES.txt'
[1.364s] [ 10%] [32mBuilding C object CMakeFiles/hello_ros__rosidl_generator_c.dir/rosidl_generator_c/hello_ros/msg/detail/robot_pose_msg__functions.c.o[0m
[1.365s] reading manifest file 'hello_ros.egg-info/SOURCES.txt'
[1.365s] writing manifest file 'hello_ros.egg-info/SOURCES.txt'
[1.372s] [ 10%] Built target hello_ros__cpp
[1.379s] [ 12%] [34m[1mGenerating C++ introspection for ROS interfaces[0m
[1.379s] [ 17%] [34m[1mGenerating C++ type support dispatch for ROS interfaces[0m
[1.379s] [ 17%] [34m[1mGenerating C++ type support for eProsima Fast-RTPS[0m
[1.380s] [ 17%] Built target ament_cmake_python_build_hello_ros_egg
[1.393s] [ 20%] [32m[1mLinking C shared library libhello_ros__rosidl_generator_c.so[0m
[1.416s] [ 20%] Built target hello_ros__rosidl_generator_c
[1.421s] [ 25%] [34m[1mGenerating C introspection for ROS interfaces[0m
[1.421s] [ 25%] [34m[1mGenerating C type support for eProsima Fast-RTPS[0m
[1.422s] [ 27%] [34m[1mGenerating C type support dispatch for ROS interfaces[0m
[1.492s] [ 30%] [32mBuilding CXX object CMakeFiles/hello_ros__rosidl_typesupport_cpp.dir/rosidl_typesupport_cpp/hello_ros/msg/robot_pose_msg__type_support.cpp.o[0m
[1.501s] [ 32%] [32mBuilding CXX object CMakeFiles/hello_ros__rosidl_typesupport_introspection_cpp.dir/rosidl_typesupport_introspection_cpp/hello_ros/msg/detail/robot_pose_msg__type_support.cpp.o[0m
[1.502s] [ 35%] [32mBuilding CXX object CMakeFiles/hello_ros__rosidl_typesupport_fastrtps_cpp.dir/rosidl_typesupport_fastrtps_cpp/hello_ros/msg/detail/dds_fastrtps/robot_pose_msg__type_support.cpp.o[0m
[1.536s] [ 37%] [32mBuilding CXX object CMakeFiles/hello_ros__rosidl_typesupport_c.dir/rosidl_typesupport_c/hello_ros/msg/robot_pose_msg__type_support.cpp.o[0m
[1.545s] [ 40%] [32mBuilding C object CMakeFiles/hello_ros__rosidl_typesupport_introspection_c.dir/rosidl_typesupport_introspection_c/hello_ros/msg/detail/robot_pose_msg__type_support.c.o[0m
[1.549s] [ 42%] [32mBuilding CXX object CMakeFiles/hello_ros__rosidl_typesupport_fastrtps_c.dir/rosidl_typesupport_fastrtps_c/hello_ros/msg/detail/robot_pose_msg__type_support_c.cpp.o[0m
[1.555s] [ 45%] [32m[1mLinking CXX shared library libhello_ros__rosidl_typesupport_c.so[0m
[1.567s] [ 47%] [32m[1mLinking C shared library libhello_ros__rosidl_typesupport_introspection_c.so[0m
[1.581s] [ 47%] Built target hello_ros__rosidl_typesupport_c
[1.588s] [ 47%] Built target hello_ros__rosidl_typesupport_introspection_c
[1.629s] [ 50%] [32m[1mLinking CXX shared library libhello_ros__rosidl_typesupport_cpp.so[0m
[1.656s] [ 50%] Built target hello_ros__rosidl_typesupport_cpp
[1.669s] [ 52%] [32mBuilding CXX object CMakeFiles/hello_publisher_lib.dir/src/hello_publisher.cpp.o[0m
[1.671s] [ 55%] [32mBuilding CXX object CMakeFiles/hello_subscriber_lib.dir/src/hello_subscriber.cpp.o[0m
[1.708s] [ 57%] [32m[1mLinking CXX shared library libhello_ros__rosidl_typesupport_introspection_cpp.so[0m
[1.722s] [ 60%] [32m[1mLinking CXX shared library libhello_ros__rosidl_typesupport_fastrtps_c.so[0m
[1.723s] [ 62%] [32m[1mLinking CXX shared library libhello_ros__rosidl_typesupport_fastrtps_cpp.so[0m
[1.755s] [ 62%] Built target hello_ros__rosidl_typesupport_introspection_cpp
[1.769s] [ 62%] Built target hello_ros__rosidl_typesupport_fastrtps_cpp
[1.769s] [ 62%] Built target hello_ros__rosidl_typesupport_fastrtps_c
[1.781s] [ 62%] Built target hello_ros
[1.793s] [ 65%] [34m[1mGenerating Python code for ROS interfaces[0m
[1.942s] [ 65%] Built target hello_ros__py
[1.955s] [ 67%] [32mBuilding C object CMakeFiles/hello_ros__rosidl_generator_py.dir/rosidl_generator_py/hello_ros/msg/_robot_pose_msg_s.c.o[0m
[2.014s] [ 70%] [32m[1mLinking C shared library rosidl_generator_py/hello_ros/libhello_ros__rosidl_generator_py.so[0m
[2.041s] [ 70%] Built target hello_ros__rosidl_generator_py
[2.053s] [ 72%] [32mBuilding C object CMakeFiles/hello_ros__rosidl_typesupport_introspection_c__pyext.dir/rosidl_generator_py/hello_ros/_hello_ros_s.ep.rosidl_typesupport_introspection_c.c.o[0m
[2.054s] [ 75%] [32mBuilding C object CMakeFiles/hello_ros__rosidl_typesupport_fastrtps_c__pyext.dir/rosidl_generator_py/hello_ros/_hello_ros_s.ep.rosidl_typesupport_fastrtps_c.c.o[0m
[2.055s] [ 77%] [32mBuilding C object CMakeFiles/hello_ros__rosidl_typesupport_c__pyext.dir/rosidl_generator_py/hello_ros/_hello_ros_s.ep.rosidl_typesupport_c.c.o[0m
[2.108s] [ 82%] [32m[1mLinking C shared library rosidl_generator_py/hello_ros/hello_ros_s__rosidl_typesupport_introspection_c.cpython-310-x86_64-linux-gnu.so[0m
[2.108s] [ 82%] [32m[1mLinking C shared library rosidl_generator_py/hello_ros/hello_ros_s__rosidl_typesupport_c.cpython-310-x86_64-linux-gnu.so[0m
[2.109s] [ 85%] [32m[1mLinking C shared library rosidl_generator_py/hello_ros/hello_ros_s__rosidl_typesupport_fastrtps_c.cpython-310-x86_64-linux-gnu.so[0m
[2.131s] [ 85%] Built target hello_ros__rosidl_typesupport_c__pyext
[2.131s] [ 85%] Built target hello_ros__rosidl_typesupport_fastrtps_c__pyext
[2.131s] [ 85%] Built target hello_ros__rosidl_typesupport_introspection_c__pyext
[3.950s] [ 87%] [32m[1mLinking CXX shared library libhello_publisher_lib.so[0m
[4.046s] [ 87%] Built target hello_publisher_lib
[4.059s] [ 90%] [32mBuilding CXX object CMakeFiles/hello_publisher_node.dir/src/hello_publisher_node.cpp.o[0m
[5.551s] [ 92%] [32m[1mLinking CXX executable hello_publisher_node[0m
[5.622s] [ 92%] Built target hello_publisher_node
[6.036s] [ 95%] [32m[1mLinking CXX shared library libhello_subscriber_lib.so[0m
[6.236s] [ 95%] Built target hello_subscriber_lib
[6.249s] [ 97%] [32mBuilding CXX object CMakeFiles/hello_subscriber_node.dir/src/hello_subscriber_node.cpp.o[0m
[7.729s] [100%] [32m[1mLinking CXX executable hello_subscriber_node[0m
[7.822s] [100%] Built target hello_subscriber_node
[7.831s] Invoked command in '/home/jlc/MEI/01_HelloROS_git/01_HelloROS/build/hello_ros' returned '0': CMAKE_PREFIX_PATH=/opt/ros/humble /usr/bin/cmake --build /home/jlc/MEI/01_HelloROS_git/01_HelloROS/build/hello_ros -- -j32 -l32
[7.838s] Invoking command in '/home/jlc/MEI/01_HelloROS_git/01_HelloROS/build/hello_ros': CMAKE_PREFIX_PATH=/opt/ros/humble /usr/bin/cmake --install /home/jlc/MEI/01_HelloROS_git/01_HelloROS/build/hello_ros
[7.842s] -- Install configuration: ""
[7.843s] -- Installing: /home/jlc/MEI/01_HelloROS_git/01_HelloROS/install/hello_ros/share/ament_index/resource_index/rosidl_interfaces/hello_ros
[7.843s] -- Installing: /home/jlc/MEI/01_HelloROS_git/01_HelloROS/install/hello_ros/include/hello_ros/hello_ros
[7.843s] -- Installing: /home/jlc/MEI/01_HelloROS_git/01_HelloROS/install/hello_ros/include/hello_ros/hello_ros/msg
[7.843s] -- Installing: /home/jlc/MEI/01_HelloROS_git/01_HelloROS/install/hello_ros/include/hello_ros/hello_ros/msg/robot_pose_msg.h
[7.843s] -- Installing: /home/jlc/MEI/01_HelloROS_git/01_HelloROS/install/hello_ros/include/hello_ros/hello_ros/msg/detail
[7.843s] -- Installing: /home/jlc/MEI/01_HelloROS_git/01_HelloROS/install/hello_ros/include/hello_ros/hello_ros/msg/detail/robot_pose_msg__struct.h
[7.843s] -- Installing: /home/jlc/MEI/01_HelloROS_git/01_HelloROS/install/hello_ros/include/hello_ros/hello_ros/msg/detail/robot_pose_msg__functions.h
[7.843s] -- Installing: /home/jlc/MEI/01_HelloROS_git/01_HelloROS/install/hello_ros/include/hello_ros/hello_ros/msg/detail/robot_pose_msg__type_support.h
[7.843s] -- Installing: /home/jlc/MEI/01_HelloROS_git/01_HelloROS/install/hello_ros/include/hello_ros/hello_ros/msg/detail/robot_pose_msg__functions.c
[7.843s] -- Installing: /home/jlc/MEI/01_HelloROS_git/01_HelloROS/install/hello_ros/include/hello_ros/hello_ros/msg/rosidl_generator_c__visibility_control.h
[7.844s] -- Installing: /home/jlc/MEI/01_HelloROS_git/01_HelloROS/install/hello_ros/share/hello_ros/environment/library_path.sh
[7.844s] -- Installing: /home/jlc/MEI/01_HelloROS_git/01_HelloROS/install/hello_ros/share/hello_ros/environment/library_path.dsv
[7.844s] -- Installing: /home/jlc/MEI/01_HelloROS_git/01_HelloROS/install/hello_ros/lib/libhello_ros__rosidl_generator_c.so
[7.844s] -- Set runtime path of "/home/jlc/MEI/01_HelloROS_git/01_HelloROS/install/hello_ros/lib/libhello_ros__rosidl_generator_c.so" to ""
[7.844s] -- Up-to-date: /home/jlc/MEI/01_HelloROS_git/01_HelloROS/install/hello_ros/include/hello_ros/hello_ros
[7.844s] -- Up-to-date: /home/jlc/MEI/01_HelloROS_git/01_HelloROS/install/hello_ros/include/hello_ros/hello_ros/msg
[7.844s] -- Installing: /home/jlc/MEI/01_HelloROS_git/01_HelloROS/install/hello_ros/include/hello_ros/hello_ros/msg/rosidl_typesupport_fastrtps_c__visibility_control.h
[7.844s] -- Up-to-date: /home/jlc/MEI/01_HelloROS_git/01_HelloROS/install/hello_ros/include/hello_ros/hello_ros/msg/detail
[7.844s] -- Installing: /home/jlc/MEI/01_HelloROS_git/01_HelloROS/install/hello_ros/include/hello_ros/hello_ros/msg/detail/robot_pose_msg__rosidl_typesupport_fastrtps_c.h
[7.844s] -- Installing: /home/jlc/MEI/01_HelloROS_git/01_HelloROS/install/hello_ros/lib/libhello_ros__rosidl_typesupport_fastrtps_c.so
[7.845s] -- Set runtime path of "/home/jlc/MEI/01_HelloROS_git/01_HelloROS/install/hello_ros/lib/libhello_ros__rosidl_typesupport_fastrtps_c.so" to ""
[7.845s] -- Up-to-date: /home/jlc/MEI/01_HelloROS_git/01_HelloROS/install/hello_ros/include/hello_ros/hello_ros
[7.845s] -- Up-to-date: /home/jlc/MEI/01_HelloROS_git/01_HelloROS/install/hello_ros/include/hello_ros/hello_ros/msg
[7.845s] -- Installing: /home/jlc/MEI/01_HelloROS_git/01_HelloROS/install/hello_ros/include/hello_ros/hello_ros/msg/rosidl_generator_cpp__visibility_control.hpp
[7.845s] -- Installing: /home/jlc/MEI/01_HelloROS_git/01_HelloROS/install/hello_ros/include/hello_ros/hello_ros/msg/robot_pose_msg.hpp
[7.845s] -- Up-to-date: /home/jlc/MEI/01_HelloROS_git/01_HelloROS/install/hello_ros/include/hello_ros/hello_ros/msg/detail
[7.845s] -- Installing: /home/jlc/MEI/01_HelloROS_git/01_HelloROS/install/hello_ros/include/hello_ros/hello_ros/msg/detail/robot_pose_msg__traits.hpp
[7.845s] -- Installing: /home/jlc/MEI/01_HelloROS_git/01_HelloROS/install/hello_ros/include/hello_ros/hello_ros/msg/detail/robot_pose_msg__type_support.hpp
[7.845s] -- Installing: /home/jlc/MEI/01_HelloROS_git/01_HelloROS/install/hello_ros/include/hello_ros/hello_ros/msg/detail/robot_pose_msg__builder.hpp
[7.845s] -- Installing: /home/jlc/MEI/01_HelloROS_git/01_HelloROS/install/hello_ros/include/hello_ros/hello_ros/msg/detail/robot_pose_msg__struct.hpp
[7.845s] -- Up-to-date: /home/jlc/MEI/01_HelloROS_git/01_HelloROS/install/hello_ros/include/hello_ros/hello_ros
[7.845s] -- Up-to-date: /home/jlc/MEI/01_HelloROS_git/01_HelloROS/install/hello_ros/include/hello_ros/hello_ros/msg
[7.845s] -- Installing: /home/jlc/MEI/01_HelloROS_git/01_HelloROS/install/hello_ros/include/hello_ros/hello_ros/msg/rosidl_typesupport_fastrtps_cpp__visibility_control.h
[7.845s] -- Up-to-date: /home/jlc/MEI/01_HelloROS_git/01_HelloROS/install/hello_ros/include/hello_ros/hello_ros/msg/detail
[7.845s] -- Installing: /home/jlc/MEI/01_HelloROS_git/01_HelloROS/install/hello_ros/include/hello_ros/hello_ros/msg/detail/robot_pose_msg__rosidl_typesupport_fastrtps_cpp.hpp
[7.845s] -- Installing: /home/jlc/MEI/01_HelloROS_git/01_HelloROS/install/hello_ros/include/hello_ros/hello_ros/msg/detail/dds_fastrtps
[7.845s] -- Installing: /home/jlc/MEI/01_HelloROS_git/01_HelloROS/install/hello_ros/lib/libhello_ros__rosidl_typesupport_fastrtps_cpp.so
[7.846s] -- Set runtime path of "/home/jlc/MEI/01_HelloROS_git/01_HelloROS/install/hello_ros/lib/libhello_ros__rosidl_typesupport_fastrtps_cpp.so" to ""
[7.846s] -- Up-to-date: /home/jlc/MEI/01_HelloROS_git/01_HelloROS/install/hello_ros/include/hello_ros/hello_ros
[7.846s] -- Up-to-date: /home/jlc/MEI/01_HelloROS_git/01_HelloROS/install/hello_ros/include/hello_ros/hello_ros/msg
[7.846s] -- Installing: /home/jlc/MEI/01_HelloROS_git/01_HelloROS/install/hello_ros/include/hello_ros/hello_ros/msg/rosidl_typesupport_introspection_c__visibility_control.h
[7.846s] -- Up-to-date: /home/jlc/MEI/01_HelloROS_git/01_HelloROS/install/hello_ros/include/hello_ros/hello_ros/msg/detail
[7.846s] -- Installing: /home/jlc/MEI/01_HelloROS_git/01_HelloROS/install/hello_ros/include/hello_ros/hello_ros/msg/detail/robot_pose_msg__type_support.c
[7.846s] -- Installing: /home/jlc/MEI/01_HelloROS_git/01_HelloROS/install/hello_ros/include/hello_ros/hello_ros/msg/detail/robot_pose_msg__rosidl_typesupport_introspection_c.h
[7.846s] -- Installing: /home/jlc/MEI/01_HelloROS_git/01_HelloROS/install/hello_ros/lib/libhello_ros__rosidl_typesupport_introspection_c.so
[7.846s] -- Set runtime path of "/home/jlc/MEI/01_HelloROS_git/01_HelloROS/install/hello_ros/lib/libhello_ros__rosidl_typesupport_introspection_c.so" to ""
[7.846s] -- Installing: /home/jlc/MEI/01_HelloROS_git/01_HelloROS/install/hello_ros/lib/libhello_ros__rosidl_typesupport_c.so
[7.847s] -- Set runtime path of "/home/jlc/MEI/01_HelloROS_git/01_HelloROS/install/hello_ros/lib/libhello_ros__rosidl_typesupport_c.so" to ""
[7.847s] -- Up-to-date: /home/jlc/MEI/01_HelloROS_git/01_HelloROS/install/hello_ros/include/hello_ros/hello_ros
[7.847s] -- Up-to-date: /home/jlc/MEI/01_HelloROS_git/01_HelloROS/install/hello_ros/include/hello_ros/hello_ros/msg
[7.847s] -- Up-to-date: /home/jlc/MEI/01_HelloROS_git/01_HelloROS/install/hello_ros/include/hello_ros/hello_ros/msg/detail
[7.847s] -- Installing: /home/jlc/MEI/01_HelloROS_git/01_HelloROS/install/hello_ros/include/hello_ros/hello_ros/msg/detail/robot_pose_msg__rosidl_typesupport_introspection_cpp.hpp
[7.847s] -- Installing: /home/jlc/MEI/01_HelloROS_git/01_HelloROS/install/hello_ros/include/hello_ros/hello_ros/msg/detail/robot_pose_msg__type_support.cpp
[7.847s] -- Installing: /home/jlc/MEI/01_HelloROS_git/01_HelloROS/install/hello_ros/lib/libhello_ros__rosidl_typesupport_introspection_cpp.so
[7.847s] -- Set runtime path of "/home/jlc/MEI/01_HelloROS_git/01_HelloROS/install/hello_ros/lib/libhello_ros__rosidl_typesupport_introspection_cpp.so" to ""
[7.847s] -- Installing: /home/jlc/MEI/01_HelloROS_git/01_HelloROS/install/hello_ros/lib/libhello_ros__rosidl_typesupport_cpp.so
[7.847s] -- Set runtime path of "/home/jlc/MEI/01_HelloROS_git/01_HelloROS/install/hello_ros/lib/libhello_ros__rosidl_typesupport_cpp.so" to ""
[7.848s] -- Installing: /home/jlc/MEI/01_HelloROS_git/01_HelloROS/install/hello_ros/share/hello_ros/environment/pythonpath.sh
[7.848s] -- Installing: /home/jlc/MEI/01_HelloROS_git/01_HelloROS/install/hello_ros/share/hello_ros/environment/pythonpath.dsv
[7.848s] -- Installing: /home/jlc/MEI/01_HelloROS_git/01_HelloROS/install/hello_ros/local/lib/python3.10/dist-packages/hello_ros-0.0.1-py3.10.egg-info
[7.848s] -- Installing: /home/jlc/MEI/01_HelloROS_git/01_HelloROS/install/hello_ros/local/lib/python3.10/dist-packages/hello_ros-0.0.1-py3.10.egg-info/PKG-INFO
[7.848s] -- Installing: /home/jlc/MEI/01_HelloROS_git/01_HelloROS/install/hello_ros/local/lib/python3.10/dist-packages/hello_ros-0.0.1-py3.10.egg-info/SOURCES.txt
[7.848s] -- Installing: /home/jlc/MEI/01_HelloROS_git/01_HelloROS/install/hello_ros/local/lib/python3.10/dist-packages/hello_ros-0.0.1-py3.10.egg-info/top_level.txt
[7.848s] -- Installing: /home/jlc/MEI/01_HelloROS_git/01_HelloROS/install/hello_ros/local/lib/python3.10/dist-packages/hello_ros-0.0.1-py3.10.egg-info/dependency_links.txt
[7.848s] -- Installing: /home/jlc/MEI/01_HelloROS_git/01_HelloROS/install/hello_ros/local/lib/python3.10/dist-packages/hello_ros
[7.848s] -- Installing: /home/jlc/MEI/01_HelloROS_git/01_HelloROS/install/hello_ros/local/lib/python3.10/dist-packages/hello_ros/hello_ros_s__rosidl_typesupport_fastrtps_c.cpython-310-x86_64-linux-gnu.so
[7.848s] -- Installing: /home/jlc/MEI/01_HelloROS_git/01_HelloROS/install/hello_ros/local/lib/python3.10/dist-packages/hello_ros/msg
[7.848s] -- Installing: /home/jlc/MEI/01_HelloROS_git/01_HelloROS/install/hello_ros/local/lib/python3.10/dist-packages/hello_ros/msg/_robot_pose_msg.py
[7.848s] -- Installing: /home/jlc/MEI/01_HelloROS_git/01_HelloROS/install/hello_ros/local/lib/python3.10/dist-packages/hello_ros/msg/_robot_pose_msg_s.c
[7.848s] -- Installing: /home/jlc/MEI/01_HelloROS_git/01_HelloROS/install/hello_ros/local/lib/python3.10/dist-packages/hello_ros/msg/__init__.py
[7.849s] -- Installing: /home/jlc/MEI/01_HelloROS_git/01_HelloROS/install/hello_ros/local/lib/python3.10/dist-packages/hello_ros/_hello_ros_s.ep.rosidl_typesupport_fastrtps_c.c
[7.849s] -- Installing: /home/jlc/MEI/01_HelloROS_git/01_HelloROS/install/hello_ros/local/lib/python3.10/dist-packages/hello_ros/hello_ros_s__rosidl_typesupport_introspection_c.cpython-310-x86_64-linux-gnu.so
[7.849s] -- Installing: /home/jlc/MEI/01_HelloROS_git/01_HelloROS/install/hello_ros/local/lib/python3.10/dist-packages/hello_ros/_hello_ros_s.ep.rosidl_typesupport_introspection_c.c
[7.849s] -- Installing: /home/jlc/MEI/01_HelloROS_git/01_HelloROS/install/hello_ros/local/lib/python3.10/dist-packages/hello_ros/_hello_ros_s.ep.rosidl_typesupport_c.c
[7.849s] -- Installing: /home/jlc/MEI/01_HelloROS_git/01_HelloROS/install/hello_ros/local/lib/python3.10/dist-packages/hello_ros/libhello_ros__rosidl_generator_py.so
[7.849s] -- Installing: /home/jlc/MEI/01_HelloROS_git/01_HelloROS/install/hello_ros/local/lib/python3.10/dist-packages/hello_ros/hello_ros_s__rosidl_typesupport_c.cpython-310-x86_64-linux-gnu.so
[7.849s] -- Installing: /home/jlc/MEI/01_HelloROS_git/01_HelloROS/install/hello_ros/local/lib/python3.10/dist-packages/hello_ros/__init__.py
[7.867s] Listing '/home/jlc/MEI/01_HelloROS_git/01_HelloROS/install/hello_ros/local/lib/python3.10/dist-packages/hello_ros'...
[7.867s] Compiling '/home/jlc/MEI/01_HelloROS_git/01_HelloROS/install/hello_ros/local/lib/python3.10/dist-packages/hello_ros/__init__.py'...
[7.867s] Listing '/home/jlc/MEI/01_HelloROS_git/01_HelloROS/install/hello_ros/local/lib/python3.10/dist-packages/hello_ros/msg'...
[7.867s] Compiling '/home/jlc/MEI/01_HelloROS_git/01_HelloROS/install/hello_ros/local/lib/python3.10/dist-packages/hello_ros/msg/__init__.py'...
[7.867s] Compiling '/home/jlc/MEI/01_HelloROS_git/01_HelloROS/install/hello_ros/local/lib/python3.10/dist-packages/hello_ros/msg/_robot_pose_msg.py'...
[7.870s] -- Installing: /home/jlc/MEI/01_HelloROS_git/01_HelloROS/install/hello_ros/local/lib/python3.10/dist-packages/hello_ros/hello_ros_s__rosidl_typesupport_fastrtps_c.cpython-310-x86_64-linux-gnu.so
[7.870s] -- Set runtime path of "/home/jlc/MEI/01_HelloROS_git/01_HelloROS/install/hello_ros/local/lib/python3.10/dist-packages/hello_ros/hello_ros_s__rosidl_typesupport_fastrtps_c.cpython-310-x86_64-linux-gnu.so" to ""
[7.870s] -- Installing: /home/jlc/MEI/01_HelloROS_git/01_HelloROS/install/hello_ros/local/lib/python3.10/dist-packages/hello_ros/hello_ros_s__rosidl_typesupport_introspection_c.cpython-310-x86_64-linux-gnu.so
[7.870s] -- Set runtime path of "/home/jlc/MEI/01_HelloROS_git/01_HelloROS/install/hello_ros/local/lib/python3.10/dist-packages/hello_ros/hello_ros_s__rosidl_typesupport_introspection_c.cpython-310-x86_64-linux-gnu.so" to ""
[7.870s] -- Installing: /home/jlc/MEI/01_HelloROS_git/01_HelloROS/install/hello_ros/local/lib/python3.10/dist-packages/hello_ros/hello_ros_s__rosidl_typesupport_c.cpython-310-x86_64-linux-gnu.so
[7.871s] -- Set runtime path of "/home/jlc/MEI/01_HelloROS_git/01_HelloROS/install/hello_ros/local/lib/python3.10/dist-packages/hello_ros/hello_ros_s__rosidl_typesupport_c.cpython-310-x86_64-linux-gnu.so" to ""
[7.871s] -- Installing: /home/jlc/MEI/01_HelloROS_git/01_HelloROS/install/hello_ros/lib/libhello_ros__rosidl_generator_py.so
[7.871s] -- Set runtime path of "/home/jlc/MEI/01_HelloROS_git/01_HelloROS/install/hello_ros/lib/libhello_ros__rosidl_generator_py.so" to ""
[7.871s] -- Installing: /home/jlc/MEI/01_HelloROS_git/01_HelloROS/install/hello_ros/share/ament_index/resource_index/rust_packages/hello_ros
[7.871s] -- Installing: /home/jlc/MEI/01_HelloROS_git/01_HelloROS/install/hello_ros/share/hello_ros/rust
[7.871s] -- Installing: /home/jlc/MEI/01_HelloROS_git/01_HelloROS/install/hello_ros/share/hello_ros/rust/src
[7.871s] -- Installing: /home/jlc/MEI/01_HelloROS_git/01_HelloROS/install/hello_ros/share/hello_ros/rust/src/msg
[7.871s] -- Installing: /home/jlc/MEI/01_HelloROS_git/01_HelloROS/install/hello_ros/share/hello_ros/rust/src/msg/rmw.rs
[7.871s] -- Installing: /home/jlc/MEI/01_HelloROS_git/01_HelloROS/install/hello_ros/share/hello_ros/rust/src/msg.rs
[7.871s] -- Installing: /home/jlc/MEI/01_HelloROS_git/01_HelloROS/install/hello_ros/share/hello_ros/rust/src/lib.rs
[7.871s] -- Installing: /home/jlc/MEI/01_HelloROS_git/01_HelloROS/install/hello_ros/share/hello_ros/rust/build.rs
[7.872s] -- Installing: /home/jlc/MEI/01_HelloROS_git/01_HelloROS/install/hello_ros/share/hello_ros/rust/Cargo.toml
[7.872s] -- Installing: /home/jlc/MEI/01_HelloROS_git/01_HelloROS/install/hello_ros/share/hello_ros/msg/RobotPoseMsg.idl
[7.872s] -- Installing: /home/jlc/MEI/01_HelloROS_git/01_HelloROS/install/hello_ros/share/hello_ros/msg/RobotPoseMsg.msg
[7.872s] -- Installing: /home/jlc/MEI/01_HelloROS_git/01_HelloROS/install/hello_ros/lib/libhello_publisher_lib.so
[7.873s] -- Set runtime path of "/home/jlc/MEI/01_HelloROS_git/01_HelloROS/install/hello_ros/lib/libhello_publisher_lib.so" to ""
[7.874s] -- Installing: /home/jlc/MEI/01_HelloROS_git/01_HelloROS/install/hello_ros/lib/libhello_subscriber_lib.so
[7.878s] -- Set runtime path of "/home/jlc/MEI/01_HelloROS_git/01_HelloROS/install/hello_ros/lib/libhello_subscriber_lib.so" to ""
[7.878s] -- Installing: /home/jlc/MEI/01_HelloROS_git/01_HelloROS/install/hello_ros/lib/hello_ros/hello_publisher_node
[7.878s] -- Set runtime path of "/home/jlc/MEI/01_HelloROS_git/01_HelloROS/install/hello_ros/lib/hello_ros/hello_publisher_node" to ""
[7.878s] -- Installing: /home/jlc/MEI/01_HelloROS_git/01_HelloROS/install/hello_ros/lib/hello_ros/hello_subscriber_node
[7.879s] -- Set runtime path of "/home/jlc/MEI/01_HelloROS_git/01_HelloROS/install/hello_ros/lib/hello_ros/hello_subscriber_node" to ""
[7.879s] -- Up-to-date: /home/jlc/MEI/01_HelloROS_git/01_HelloROS/install/hello_ros/include
[7.879s] -- Up-to-date: /home/jlc/MEI/01_HelloROS_git/01_HelloROS/install/hello_ros/include/hello_ros
[7.879s] -- Installing: /home/jlc/MEI/01_HelloROS_git/01_HelloROS/install/hello_ros/include/hello_ros/hello_subscriber.hpp
[7.879s] -- Installing: /home/jlc/MEI/01_HelloROS_git/01_HelloROS/install/hello_ros/include/hello_ros/hello_publisher.hpp
[7.879s] -- Installing: /home/jlc/MEI/01_HelloROS_git/01_HelloROS/install/hello_ros/share/ament_index/resource_index/package_run_dependencies/hello_ros
[7.879s] -- Installing: /home/jlc/MEI/01_HelloROS_git/01_HelloROS/install/hello_ros/share/ament_index/resource_index/parent_prefix_path/hello_ros
[7.879s] -- Installing: /home/jlc/MEI/01_HelloROS_git/01_HelloROS/install/hello_ros/share/hello_ros/environment/ament_prefix_path.sh
[7.879s] -- Installing: /home/jlc/MEI/01_HelloROS_git/01_HelloROS/install/hello_ros/share/hello_ros/environment/ament_prefix_path.dsv
[7.879s] -- Installing: /home/jlc/MEI/01_HelloROS_git/01_HelloROS/install/hello_ros/share/hello_ros/environment/path.sh
[7.879s] -- Installing: /home/jlc/MEI/01_HelloROS_git/01_HelloROS/install/hello_ros/share/hello_ros/environment/path.dsv
[7.880s] -- Installing: /home/jlc/MEI/01_HelloROS_git/01_HelloROS/install/hello_ros/share/hello_ros/local_setup.bash
[7.880s] -- Installing: /home/jlc/MEI/01_HelloROS_git/01_HelloROS/install/hello_ros/share/hello_ros/local_setup.sh
[7.880s] -- Installing: /home/jlc/MEI/01_HelloROS_git/01_HelloROS/install/hello_ros/share/hello_ros/local_setup.zsh
[7.880s] -- Installing: /home/jlc/MEI/01_HelloROS_git/01_HelloROS/install/hello_ros/share/hello_ros/local_setup.dsv
[7.880s] -- Installing: /home/jlc/MEI/01_HelloROS_git/01_HelloROS/install/hello_ros/share/hello_ros/package.dsv
[7.880s] -- Installing: /home/jlc/MEI/01_HelloROS_git/01_HelloROS/install/hello_ros/share/ament_index/resource_index/packages/hello_ros
[7.880s] -- Installing: /home/jlc/MEI/01_HelloROS_git/01_HelloROS/install/hello_ros/share/hello_ros/cmake/export_hello_ros__rosidl_generator_cExport.cmake
[7.880s] -- Installing: /home/jlc/MEI/01_HelloROS_git/01_HelloROS/install/hello_ros/share/hello_ros/cmake/export_hello_ros__rosidl_generator_cExport-noconfig.cmake
[7.880s] -- Installing: /home/jlc/MEI/01_HelloROS_git/01_HelloROS/install/hello_ros/share/hello_ros/cmake/export_hello_ros__rosidl_typesupport_fastrtps_cExport.cmake
[7.880s] -- Installing: /home/jlc/MEI/01_HelloROS_git/01_HelloROS/install/hello_ros/share/hello_ros/cmake/export_hello_ros__rosidl_typesupport_fastrtps_cExport-noconfig.cmake
[7.881s] -- Installing: /home/jlc/MEI/01_HelloROS_git/01_HelloROS/install/hello_ros/share/hello_ros/cmake/export_hello_ros__rosidl_generator_cppExport.cmake
[7.881s] -- Installing: /home/jlc/MEI/01_HelloROS_git/01_HelloROS/install/hello_ros/share/hello_ros/cmake/export_hello_ros__rosidl_typesupport_fastrtps_cppExport.cmake
[7.881s] -- Installing: /home/jlc/MEI/01_HelloROS_git/01_HelloROS/install/hello_ros/share/hello_ros/cmake/export_hello_ros__rosidl_typesupport_fastrtps_cppExport-noconfig.cmake
[7.881s] -- Installing: /home/jlc/MEI/01_HelloROS_git/01_HelloROS/install/hello_ros/share/hello_ros/cmake/hello_ros__rosidl_typesupport_introspection_cExport.cmake
[7.881s] -- Installing: /home/jlc/MEI/01_HelloROS_git/01_HelloROS/install/hello_ros/share/hello_ros/cmake/hello_ros__rosidl_typesupport_introspection_cExport-noconfig.cmake
[7.881s] -- Installing: /home/jlc/MEI/01_HelloROS_git/01_HelloROS/install/hello_ros/share/hello_ros/cmake/hello_ros__rosidl_typesupport_cExport.cmake
[7.881s] -- Installing: /home/jlc/MEI/01_HelloROS_git/01_HelloROS/install/hello_ros/share/hello_ros/cmake/hello_ros__rosidl_typesupport_cExport-noconfig.cmake
[7.881s] -- Installing: /home/jlc/MEI/01_HelloROS_git/01_HelloROS/install/hello_ros/share/hello_ros/cmake/hello_ros__rosidl_typesupport_introspection_cppExport.cmake
[7.881s] -- Installing: /home/jlc/MEI/01_HelloROS_git/01_HelloROS/install/hello_ros/share/hello_ros/cmake/hello_ros__rosidl_typesupport_introspection_cppExport-noconfig.cmake
[7.881s] -- Installing: /home/jlc/MEI/01_HelloROS_git/01_HelloROS/install/hello_ros/share/hello_ros/cmake/hello_ros__rosidl_typesupport_cppExport.cmake
[7.882s] -- Installing: /home/jlc/MEI/01_HelloROS_git/01_HelloROS/install/hello_ros/share/hello_ros/cmake/hello_ros__rosidl_typesupport_cppExport-noconfig.cmake
[7.882s] -- Installing: /home/jlc/MEI/01_HelloROS_git/01_HelloROS/install/hello_ros/share/hello_ros/cmake/export_hello_ros__rosidl_generator_pyExport.cmake
[7.882s] -- Installing: /home/jlc/MEI/01_HelloROS_git/01_HelloROS/install/hello_ros/share/hello_ros/cmake/export_hello_ros__rosidl_generator_pyExport-noconfig.cmake
[7.882s] -- Installing: /home/jlc/MEI/01_HelloROS_git/01_HelloROS/install/hello_ros/share/hello_ros/cmake/rosidl_cmake-extras.cmake
[7.882s] -- Installing: /home/jlc/MEI/01_HelloROS_git/01_HelloROS/install/hello_ros/share/hello_ros/cmake/ament_cmake_export_include_directories-extras.cmake
[7.882s] -- Installing: /home/jlc/MEI/01_HelloROS_git/01_HelloROS/install/hello_ros/share/hello_ros/cmake/ament_cmake_export_libraries-extras.cmake
[7.882s] -- Installing: /home/jlc/MEI/01_HelloROS_git/01_HelloROS/install/hello_ros/share/hello_ros/cmake/ament_cmake_export_targets-extras.cmake
[7.882s] -- Installing: /home/jlc/MEI/01_HelloROS_git/01_HelloROS/install/hello_ros/share/hello_ros/cmake/rosidl_cmake_export_typesupport_targets-extras.cmake
[7.882s] -- Installing: /home/jlc/MEI/01_HelloROS_git/01_HelloROS/install/hello_ros/share/hello_ros/cmake/ament_cmake_export_dependencies-extras.cmake
[7.882s] -- Installing: /home/jlc/MEI/01_HelloROS_git/01_HelloROS/install/hello_ros/share/hello_ros/cmake/rosidl_cmake_export_typesupport_libraries-extras.cmake
[7.882s] -- Installing: /home/jlc/MEI/01_HelloROS_git/01_HelloROS/install/hello_ros/share/hello_ros/cmake/rosidl_cmake_aggregate_target-extras.cmake
[7.883s] -- Installing: /home/jlc/MEI/01_HelloROS_git/01_HelloROS/install/hello_ros/share/hello_ros/cmake/hello_rosConfig.cmake
[7.883s] -- Installing: /home/jlc/MEI/01_HelloROS_git/01_HelloROS/install/hello_ros/share/hello_ros/cmake/hello_rosConfig-version.cmake
[7.883s] -- Installing: /home/jlc/MEI/01_HelloROS_git/01_HelloROS/install/hello_ros/share/hello_ros/package.xml
[7.885s] Invoked command in '/home/jlc/MEI/01_HelloROS_git/01_HelloROS/build/hello_ros' returned '0': CMAKE_PREFIX_PATH=/opt/ros/humble /usr/bin/cmake --install /home/jlc/MEI/01_HelloROS_git/01_HelloROS/build/hello_ros
